// Jest Snapshot v1, https://goo.gl/fbAQLP

exports[`Home testing should render Home component 1`] = `ShallowWrapper {}`;
