// Jest Snapshot v1, https://goo.gl/fbAQLP

exports[`Navbar Testing should render the navbar with the title of the app 1`] = `ShallowWrapper {}`;
